g++ : In file included from 
C:/Users/LOQ/OneDrive/Desktop/oops 
assd/imgoopsassignment/headers/Assignment.h:5,
At line:1 char:156
+ ... FullName }; g++ -std=c++17 -Iheaders -Wall -Wextra -g 
$files .\main.c ...
+                 
~~~~~~~~~~~~~~~~~~~~~~~~~~~~~~~~~~~~~~~~~~~~~~~~~~~~~~~~~
    + CategoryInfo          : NotSpecified: (In file include 
   ...Assignment.h:5,:String) [], RemoteException
    + FullyQualifiedErrorId : NativeCommandError
 
                 from C:/Users/LOQ/OneDrive/Desktop/oops 
assd/imgoopsassignment/headers/club.h:6,
                 from C:\Users\LOQ\OneDrive\Desktop\oops 
assd\imgoopsassignment\cpp files\Admin.cpp:2:
C:/Users/LOQ/OneDrive/Desktop/oops 
assd/imgoopsassignment/headers/vector.h: In member function 
'T& Vector<T>::get(std::size_t)':
C:/Users/LOQ/OneDrive/Desktop/oops 
assd/imgoopsassignment/headers/vector.h:33:9: warning: this 
'if' clause does not guard... [-Wmisleading-indentation]
   33 |         if (idx >= length)
      |         ^~
C:/Users/LOQ/OneDrive/Desktop/oops 
assd/imgoopsassignment/headers/vector.h:35:13: note: ...this 
statement, but the latter is misleadingly indented as if it 
were guarded by the 'if'
   35 |             return data[idx];
      |             ^~~~~~
In file included from C:/Users/LOQ/OneDrive/Desktop/oops 
assd/imgoopsassignment/headers/Assignment.h:5,
                 from C:\Users\LOQ\OneDrive\Desktop\oops 
assd\imgoopsassignment\cpp files\Assingment.cpp:1:
C:/Users/LOQ/OneDrive/Desktop/oops 
assd/imgoopsassignment/headers/vector.h: In member function 
'T& Vector<T>::get(std::size_t)':
C:/Users/LOQ/OneDrive/Desktop/oops 
assd/imgoopsassignment/headers/vector.h:33:9: warning: this 
'if' clause does not guard... [-Wmisleading-indentation]
   33 |         if (idx >= length)
      |         ^~
C:/Users/LOQ/OneDrive/Desktop/oops 
assd/imgoopsassignment/headers/vector.h:35:13: note: ...this 
statement, but the latter is misleadingly indented as if it 
were guarded by the 'if'
   35 |             return data[idx];
      |             ^~~~~~
In file included from C:/Users/LOQ/OneDrive/Desktop/oops 
assd/imgoopsassignment/headers/Assignment.h:5,
                 from C:\Users\LOQ\OneDrive\Desktop\oops 
assd\imgoopsassignment\cpp files\AssingmentReviewer.cpp:2:
C:/Users/LOQ/OneDrive/Desktop/oops 
assd/imgoopsassignment/headers/vector.h: In member function 
'T& Vector<T>::get(std::size_t)':
C:/Users/LOQ/OneDrive/Desktop/oops 
assd/imgoopsassignment/headers/vector.h:33:9: warning: this 
'if' clause does not guard... [-Wmisleading-indentation]
   33 |         if (idx >= length)
      |         ^~
C:/Users/LOQ/OneDrive/Desktop/oops 
assd/imgoopsassignment/headers/vector.h:35:13: note: ...this 
statement, but the latter is misleadingly indented as if it 
were guarded by the 'if'
   35 |             return data[idx];
      |             ^~~~~~
In file included from C:/Users/LOQ/OneDrive/Desktop/oops 
assd/imgoopsassignment/headers/Assignment.h:5,
                 from C:/Users/LOQ/OneDrive/Desktop/oops 
assd/imgoopsassignment/headers/club.h:6,
                 from C:\Users\LOQ\OneDrive\Desktop\oops 
assd\imgoopsassignment\cpp files\club.cpp:1:
C:/Users/LOQ/OneDrive/Desktop/oops 
assd/imgoopsassignment/headers/vector.h: In member function 
'T& Vector<T>::get(std::size_t)':
C:/Users/LOQ/OneDrive/Desktop/oops 
assd/imgoopsassignment/headers/vector.h:33:9: warning: this 
'if' clause does not guard... [-Wmisleading-indentation]
   33 |         if (idx >= length)
      |         ^~
C:/Users/LOQ/OneDrive/Desktop/oops 
assd/imgoopsassignment/headers/vector.h:35:13: note: ...this 
statement, but the latter is misleadingly indented as if it 
were guarded by the 'if'
   35 |             return data[idx];
      |             ^~~~~~
C:\Users\LOQ\OneDrive\Desktop\oops 
assd\imgoopsassignment\cpp files\club.cpp: In member 
function 'void club::listallmembers()':
C:\Users\LOQ\OneDrive\Desktop\oops 
assd\imgoopsassignment\cpp files\club.cpp:18:23: warning: 
comparison of integer expressions of different signedness: 
'int' and 'std::size_t' {aka 'long long unsigned int'} 
[-Wsign-compare]
   18 |     for (int i = 0; i < members.getSize(); ++i) {
      |                     ~~^~~~~~~~~~~~~~~~~~~
C:\Users\LOQ\OneDrive\Desktop\oops 
assd\imgoopsassignment\cpp files\club.cpp: In member 
function 'void club::removeMember(Member*)':
C:\Users\LOQ\OneDrive\Desktop\oops 
assd\imgoopsassignment\cpp files\club.cpp:33:19: warning: 
comparison of integer expressions of different signedness: 
'int' and 'std::size_t' {aka 'long long unsigned int'} 
[-Wsign-compare]
   33 |     for(int i=0; i<members.getSize(); i++){
      |                  ~^~~~~~~~~~~~~~~~~~
C:\Users\LOQ\OneDrive\Desktop\oops 
assd\imgoopsassignment\cpp files\club.cpp: In member 
function 'void club::listallassignments()':
C:\Users\LOQ\OneDrive\Desktop\oops 
assd\imgoopsassignment\cpp files\club.cpp:49:23: warning: 
comparison of integer expressions of different signedness: 
'int' and 'std::size_t' {aka 'long long unsigned int'} 
[-Wsign-compare]
   49 |     for (int i = 0; i < assignments.getSize(); i++) {
      |                     ~~^~~~~~~~~~~~~~~~~~~~~~~
In file included from C:/Users/LOQ/OneDrive/Desktop/oops 
assd/imgoopsassignment/headers/Assignment.h:5,
                 from C:/Users/LOQ/OneDrive/Desktop/oops 
assd/imgoopsassignment/headers/club.h:6,
                 from C:/Users/LOQ/OneDrive/Desktop/oops 
assd/imgoopsassignment/headers/controller.h:4,
                 from C:\Users\LOQ\OneDrive\Desktop\oops 
assd\imgoopsassignment\cpp files\Controller.cpp:1:
C:/Users/LOQ/OneDrive/Desktop/oops 
assd/imgoopsassignment/headers/vector.h: In member function 
'T& Vector<T>::get(std::size_t)':
C:/Users/LOQ/OneDrive/Desktop/oops 
assd/imgoopsassignment/headers/vector.h:33:9: warning: this 
'if' clause does not guard... [-Wmisleading-indentation]
   33 |         if (idx >= length)
      |         ^~
C:/Users/LOQ/OneDrive/Desktop/oops 
assd/imgoopsassignment/headers/vector.h:35:13: note: ...this 
statement, but the latter is misleadingly indented as if it 
were guarded by the 'if'
   35 |             return data[idx];
      |             ^~~~~~
C:\Users\LOQ\OneDrive\Desktop\oops 
assd\imgoopsassignment\cpp files\Controller.cpp: In function 
'Student* findStudent(int)':
C:\Users\LOQ\OneDrive\Desktop\oops 
assd\imgoopsassignment\cpp files\Controller.cpp:38:25: 
warning: comparison of integer expressions of different 
signedness: 'int' and 'std::size_t' {aka 'long long unsigned 
int'} [-Wsign-compare]
   38 |         for(int i=0 ; i < students.getSize(); i++){
      |                       ~~^~~~~~~~~~~~~~~~~~~~
C:\Users\LOQ\OneDrive\Desktop\oops 
assd\imgoopsassignment\cpp files\Controller.cpp: In function 
'club* findClub(const std::string&)':
C:\Users\LOQ\OneDrive\Desktop\oops 
assd\imgoopsassignment\cpp files\Controller.cpp:49:25: 
warning: comparison of integer expressions of different 
signedness: 'int' and 'std::size_t' {aka 'long long unsigned 
int'} [-Wsign-compare]
   49 |         for(int i=0 ; i < clubs.getSize(); i++){
      |                       ~~^~~~~~~~~~~~~~~~~
C:\Users\LOQ\OneDrive\Desktop\oops 
assd\imgoopsassignment\cpp files\Controller.cpp: In member 
function 'void Controller::runCLI()':
C:\Users\LOQ\OneDrive\Desktop\oops 
assd\imgoopsassignment\cpp files\Controller.cpp:130:31: 
warning: comparison of integer expressions of different 
signedness: 'int' and 'std::size_t' {aka 'long long unsigned 
int'} [-Wsign-compare]
  130 |                 for(int i=0; i<students.getSize(); 
i++){
      |                              ~^~~~~~~~~~~~~~~~~~~
C:\Users\LOQ\OneDrive\Desktop\oops 
assd\imgoopsassignment\cpp files\Controller.cpp:199:31: 
warning: comparison of integer expressions of different 
signedness: 'int' and 'std::size_t' {aka 'long long unsigned 
int'} [-Wsign-compare]
  199 |             for (int i = 0; i < clubs.getSize(); 
i++) {
      |                             ~~^~~~~~~~~~~~~~~~~
In file included from C:/Users/LOQ/OneDrive/Desktop/oops 
assd/imgoopsassignment/headers/Assignment.h:5,
                 from C:/Users/LOQ/OneDrive/Desktop/oops 
assd/imgoopsassignment/headers/club.h:6,
                 from C:\Users\LOQ\OneDrive\Desktop\oops 
assd\imgoopsassignment\cpp files\Member.cpp:3:
C:/Users/LOQ/OneDrive/Desktop/oops 
assd/imgoopsassignment/headers/vector.h: In member function 
'T& Vector<T>::get(std::size_t)':
C:/Users/LOQ/OneDrive/Desktop/oops 
assd/imgoopsassignment/headers/vector.h:33:9: warning: this 
'if' clause does not guard... [-Wmisleading-indentation]
   33 |         if (idx >= length)
      |         ^~
C:/Users/LOQ/OneDrive/Desktop/oops 
assd/imgoopsassignment/headers/vector.h:35:13: note: ...this 
statement, but the latter is misleadingly indented as if it 
were guarded by the 'if'
   35 |             return data[idx];
      |             ^~~~~~
In file included from C:/Users/LOQ/OneDrive/Desktop/oops 
assd/imgoopsassignment/headers/student.h:6,
                 from C:\Users\LOQ\OneDrive\Desktop\oops 
assd\imgoopsassignment\cpp files\student.cpp:1:
C:/Users/LOQ/OneDrive/Desktop/oops 
assd/imgoopsassignment/headers/Vector.h: In member function 
'T& Vector<T>::get(std::size_t)':
C:/Users/LOQ/OneDrive/Desktop/oops 
assd/imgoopsassignment/headers/Vector.h:33:9: warning: this 
'if' clause does not guard... [-Wmisleading-indentation]
   33 |         if (idx >= length)
      |         ^~
C:/Users/LOQ/OneDrive/Desktop/oops 
assd/imgoopsassignment/headers/Vector.h:35:13: note: ...this 
statement, but the latter is misleadingly indented as if it 
were guarded by the 'if'
   35 |             return data[idx];
      |             ^~~~~~
C:\Users\LOQ\OneDrive\Desktop\oops 
assd\imgoopsassignment\cpp files\student.cpp: In member 
function 'void Student::viewAssignments()':
C:\Users\LOQ\OneDrive\Desktop\oops 
assd\imgoopsassignment\cpp files\student.cpp:17:23: warning: 
comparison of integer expressions of different signedness: 
'int' and 'std::size_t' {aka 'long long unsigned int'} 
[-Wsign-compare]
   17 |     for (int i = 0; i < clubs.getSize(); i++) {
      |                     ~~^~~~~~~~~~~~~~~~~
C:\Users\LOQ\OneDrive\Desktop\oops 
assd\imgoopsassignment\cpp files\student.cpp:20:27: warning: 
comparison of integer expressions of different signedness: 
'int' and 'std::size_t' {aka 'long long unsigned int'} 
[-Wsign-compare]
   20 |         for (int j = 0; j < assignments->getSize(); 
j++) {
      |                         ~~^~~~~~~~~~~~~~~~~~~~~~~~
C:\Users\LOQ\OneDrive\Desktop\oops 
assd\imgoopsassignment\cpp files\student.cpp: In member 
function 'void Student::listAllClubs() const':
C:\Users\LOQ\OneDrive\Desktop\oops 
assd\imgoopsassignment\cpp files\student.cpp:36:23: warning: 
comparison of integer expressions of different signedness: 
'int' and 'std::size_t' {aka 'long long unsigned int'} 
[-Wsign-compare]
   36 |     for (int i = 0; i < clubs.getSize(); i++) {
      |                     ~~^~~~~~~~~~~~~~~~~
In file included from C:/Users/LOQ/OneDrive/Desktop/oops 
assd/imgoopsassignment/headers/student.h:6,
                 from C:\Users\LOQ\OneDrive\Desktop\oops 
assd\imgoopsassignment\cpp files\submission.cpp:2:
C:/Users/LOQ/OneDrive/Desktop/oops 
assd/imgoopsassignment/headers/Vector.h: In member function 
'T& Vector<T>::get(std::size_t)':
C:/Users/LOQ/OneDrive/Desktop/oops 
assd/imgoopsassignment/headers/Vector.h:33:9: warning: this 
'if' clause does not guard... [-Wmisleading-indentation]
   33 |         if (idx >= length)
      |         ^~
C:/Users/LOQ/OneDrive/Desktop/oops 
assd/imgoopsassignment/headers/Vector.h:35:13: note: ...this 
statement, but the latter is misleadingly indented as if it 
were guarded by the 'if'
   35 |             return data[idx];
      |             ^~~~~~
In file included from .\headers/Assignment.h:5,
                 from .\headers/club.h:6,
                 from .\headers/controller.h:4,
                 from .\main.cpp:1:
.\headers/vector.h: In member function 'T& 
Vector<T>::get(std::size_t)':
.\headers/vector.h:33:9: warning: this 'if' clause does not 
guard... [-Wmisleading-indentation]
   33 |         if (idx >= length)
      |         ^~
.\headers/vector.h:35:13: note: ...this statement, but the 
latter is misleadingly indented as if it were guarded by the 
'if'
   35 |             return data[idx];
      |             ^~~~~~
